[    000000] Linux erion 4..0-38-generic uildd@cy0-amd64-02 (gcc vrson 7.0 (Ubuu 7.3-16ubuntu3)) #1-UbntuSMP Wed Oct 10 0:59:38 UTC 2018 (Ubuntu 4.15.0-38.41-generc 4.15.18)
[    0.000000] Command line: BOOT_IMAGE=/boot/vmlinuz-4.15.0-38-generic root=UUID=f67f031a-1e4d-4154-8b6f-51be65105398 ro console=tty1console=ttyS0
[    0.000000] KERNEL supported cpus:
[    0.000000]   Intel GenuineIntel
[    0.000000]   AMD AuthenticAMD
[    0.000000]   Centaur CentaurHauls
[    0.000000] x86/fpu: Supporting XSAVE feature 0x001: 'x87 floating point registers'
[    0.000000] x86/fpu: Supporting XSAVE feature 0x002: 'SSE registers'
[    0.000000] x86/fpu: Supporting XSAVE feature 0x004: 'AVX registers'
[    0.00000 x86/fpuxstate_offset[:  576, xstate_size[2:  256
   0.0000] x86/fpu: Enabled xstate features 0x7, context size is 832 bytes, using 'stadad' frmt.
[    0.00000] 820: BIOprovided physical RAM map:
[    0.000000] BIOS-e820: [mem 0x0000000000000000-0x000000000009fff] usbl
[    0.0000] BIOS-e820: [mem 0x0000000009fc0-x000000000009ffff] reserve
    .00000] BIOS820:[mm 0x00000000000f0000-0x00000000000fffff] reserved
[    0.000000] BIOS-e820: [mem 0x000000000010000-0x000000003ffeffff] usable
[    0.000000] BIOS-e820: [mem 0x000000003fff0000-0x000000003fffffff] ACPI data
[    0.000000] BIOS-e820: [mem 0x00000000fec00000-0x000000feec00ff] eserve
[    0.0000] OS-e82: mem 0x00000000fee0000-0x0000000fee00fff] reserved
[    0.000000] BIOS-e820: [mem 0x00000000fffc0000-0x000000ffffffff] reserved
[    000000] NXExecute sable) protectionactive
[    0.000000] SMBIO 25 present.
[   0.00000] DM: nnotek GmbH irualBox/VirtualBox BIO VrtualBox 12/01/200
[    0.000000] Hypervior  detected: KV
[    0.00000]e820:ast_pf= 0x3fff0 mx_rch_pfn = 40000000
    0.000000]TRR: Dsaled
[  0.000000 x6/PA: TRRs disled, skipping PAT initalzatin oo.
[   0.000000] CP MRRs al blank- vtualiz system.
[    0.000000] xx86/PAT: Configuration [0-7]: WB  WT  UC- UC  WB  WT  UC- UC  
[    0.000000] found SMP MP-table a[mem 0x0009fff0-0x00ffff] aped a [       trva)]
[    0.0000] Scanig 1 areasfo low memy corrpton
[   .00000 RAMDISK: [mem 0x35ae1000-0x36d67fff]
[    0.000000] ACPI: arly table checksm erification disabled
[    0.000000] ACPI: SD 0x000000000E00 00002 (v02 VBOX )
    0.000000] ACPI: XSDT 0x000000003FFF0030 00003C (v01 VBO   VBOXXSDT 00000001 AS  0000061)
[    0.0000] ACPI: FACP 0x0000003FFF00 0000F4 (v04 BOX  VBOXFACP 000001 ASL  000006)
[   0.00000] CP: DST 0x00000003FFF47 0021FF (v02 VX   VBBIOS 00000002 INTL 2010052)
[    0.00000] AI: FACS 0x0000003FFF20 000040
[   0.00000 API: FAS x0000003FFF000 00040
[    0.0000] CP: APIC 0x0000003FFF024000005C(v02 VBX   VBOAPIC 0000001 AL  00000061)
[   0.0000] ACPI:SST 0x00000003FF02A0 001C (v0 VOX   BOXCPUT 00000002 INTL 20100528)
[    0.000000] No NUMA configuration found
[    0.000000] Faking a node at [mm 0x0000000000000000-0x000000003ffeffff]
[    0.00000 NODE_DATA(0) allocated [mem 0x3ffc5000-0x3ffeffff]
[    0.000000] kvm-clock: cpu 0, msr 0:3ff44001, primarcpu clock
[   0.0000] km-cloc: Usig msrs 4564d01nd 4b56400
[    .00000] kvm-clock: usig ched ofst of 60230466 cyles
[    0.000000] clocksource: kvm-clock: mask: 0xffffffffffffff ma_ccles: x1cd42e4dffb, max_dle_ns:885905948 ns
[   0.00000] Zone ranges:
[    0.000000]   DMA      [mem 0x0000000000001000-0x0000000000ffffff]
[    0.000000]   DMA32    [mem 0x0000000001000000-0x000000003ffeffff]
[    0.000000]   Normal   empty
[    0.000000]   Device   empty
[    0.000000] Movable zone start for each node
[    0.000000] Early memory node ranges
[    0.000000]   node   0: [mem 0x0000000000001000-0x000000000009efff]
[    0.000000]   node   0: [mem 0x0000000000100000-0x000000003ffeffff]
[    0.000000] Initmem setup node 0 [mem 0x000000000000100-0x0000003ffeffff
[    0.000000] Reserved but unavailable: 98 pages
[    0.000000] ACPI: PM-Timer IO Port: 0x4008
[    0.000000] IOAPIC[0]: apic_id 2, version 32, address 0xfec00000, GSI 0-23
[    0.000000] ACPI: INT_SRC_OVR (bus 0 bus_irq 0 global_irq 2 dfl dfl)
[    0.000000] ACPI: INT_SRC_OVR (bus 0 bus_irq 9 global_irq 9 low level)
[    0.000000] Using ACPI (MADT) for SMP configuration information
[    0.000000] smpboot: Alling 2 CPUs, 0hotplug CPUs
[   .00000] M: Regisred noave emory[mem 00000000-00000fff]
[   0.00000] PM: Registere nsavemeory: [mem 0x09f000-00009fff]
[   0.000000] PM: Registered nosave memory: [mem 0x000a0000-0x000effff]
[    0.000000] PM: Registered nosave memory: [mem 0x000f0000-0x000fffff]
[    0.000000] e820: [mem 0x40000000-0xfebfffff] available for PCI devices
[    0.000000] Booting paravirtualized kernel on KVM
[    0.000000] clocksource: refined-jiffies: mask: 0xffffffff max_cycles: 0xffffffff, max_idle_ns: 7645519600211568 ns
[    0.000000] random: get_random_bytes called from start_kernel+0x99/0x4fd ith crng_init=0
[    0.000000] setup_percpu: NR_CPUS:8192 nr_cpumask_bits:2 nr_cpu_ids:2 nr_node_ids:1
[    0.000000] percpu: Embedded 46 pages/cpu @        (ptrval) s51552 r8192 d28672 u1048576
[    0.000000] PV qspinlock hash table entries: 256 (order: 0, 4096 bytes)
[    0.000000] Built 1 zonelists, mobility grouping on.  Total pages: 257913
[    0.000000] Policy zone: DMA32
[    0.000000] Kernel command line: BOOT_IMAGE=/bot/vmlinuz-4.150-8-geneicroot=UU=f67f031a-e4-4154-6f-51b6505398 ro onole=tty1 csole=tS0
[  0.000000] Memor 98361K/048120available (1230K kerel code, 2472K rwdata,248K rodata, 208K nit, 2416K bss 6508K rserved, 0K cma-reserved)
[    0.000000] SLUB: HWalign=64, Order=0-3, MinObjects=0, CPUs=2, Nodes=1
[    0.000000] Kernel/User page tables isolation: enabled
[    0.000000] ftrace: allocating 39175 entries in 154 pages
[    0.004000] Hierarchical RCU implementation.
[    0.004000] 	RCU restricing CPUs from NR_CPUS=8192 to nr_cpu_ids=2.
[    0.004000] 	Tasks RCU enabled.
[    0.004000] RCU: Adjusting geetry f rcu_fnot_leaf=6,nr_cpuids=2
[    00040] NR_RQ: 524544, nr_ir: 440,prallocated rq: 16
[   .004000] Cnsole: olor GA+ x25
[    004000] coole [ty1] nabled
[    0004000] consle [ttyS0 enabled
[    0.004000] ACPI: Core revision 20170831
[    0.004000] ACPI: 2 ACPI AML tables successfully acquired and loaded
[    0.004000] APIC: Switch to symmetric I/O mode setup
[    0.004000] x2apic enabled
[    0.004000] Switched APIC routing to physical x2apic.
[    0.005236 ..TIMER: vector=0x30 apic1=0 pin1=2 apic2=-1 pin2=-1
[    0.008007] tsc: Detected 2591.998 MHz processor
[    0.012013] Calibrating delay loop (skipped) preset value.. 5183.99 BogoMIPS (lpj=10367992)
[    0.016008] pid_max: default: 32768 minimum: 301
[    0.020042] Security Framework initialized
[    0.024007] Yama: becoming mindful.
[    0.028039] AppArmor: AppArmor initialized
[    0.033959] Dentry cache hash table entries: 131072 (order: 8, 1048576 bytes)
[    0.036074] Inode-cache hash table entries: 65536 (order: 7, 524288 bytes)
[    0.040028] Mount-cache hash table entries: 2048 (order: 2, 16384 bytes)
[    0.044016] Mountpoint-cache hash table entries: 2048 (order: 2, 16384 bytes)
[    0.048228] mce: CPU supports 0 MCE banks
[    0.052024] Last level iTLB entries: 4KB 64, 2MB 8, 4MB 8
[    0.056007] Last level dTLB entries: 4KB 64, 2MB 0, 4MB 0, 1GB 4
[    0.060009] Spectre V2 : Mitigation: Full generic retpoline
[    0.064006] Spectre V2 : Spectre v2 / SpectreRSB mitigation: Filling RSB on context switch
[    0.068007] Speculative Store Bypass: Vulnerable
[    0.072218] Freeing SMP alternatives memory: 36K
[    0.080000] smpboot: CPU0: Intel(R) Core(TM) i7-6700HQ CPU @ 2.60GHz (family: 0x6, model: 0x5e, stepping: 0x3)
[    0.080087] Performance Events: unsupported p6 CPU model 94 no PMU driver, software events only.
[    0.084061] Hierarchical SRCU implementation.
[    0.088625] NMI watchdog: Perf event create on CPU 0 failed with -2
[    0.092006] NMI watchdog: Perf NMI watchdog permanently disabled
[    0.096072] smp: Bringing up secondary CPUs ...
[    0.100133] x86: Booting SMP configuration:
[    0.104008] .... node  #0, CPUs:      #1
[    0.004000] kvm-clock: cpu 1, msr 0:3ff44041, secondary cpu clock
[    0.004000] mce: CPU supports 0 MCE banks
[    0.175634] smp: Brought up 1 node, 2 CPUs
[    0.176013] smpboot: Max logical packages: 1
[    0.180009] smpboot: Total of 2 processors activated (10367.99 BogoMIPS)
[    0.188095] devtmpfs: initialized
[    0.192060] x86/mm: Memory block size: 128MB
[    0.200018] evm: security.selinux
[    0.204006] evm: security.SMACK64
[    0.208005] evm: security.SMACK64EXEC
[    0.212006] evm: security.SMACK64TRANSMUTE
[    0.216006] evm: security.SMACK64MMAP
[    0.220005] evm: security.apparmor
[    0.221621] evm: security.ima
[    0.224028] evm: security.capability
[    0.225702] clocksource: jiffies: mask: 0xffffffff max_cycles: 0xffffffff, max_idle_ns: 7645041785100000 ns
[    0.228020] futex hash table entries: 512 (order: 3, 32768 bytes)
[    0.232146] pinctrl core: initialized pinctrl subsystem
[    0.237824] RTC time: 23:30:20, date: 10/26/18
[    0.240330] NET: Registered protocol family 16
[    0.242446] audit: initializing netlink subsys (disabled)
[    0.244072] audit: type=2000 audit(1540596613.933:1): state=initialized audit_enabled=0 res=1
[    0.256015] cpuidle: using governor ladder
[    0.260026] cpuidle: using governor menu
[    0.262182] ACPI: bus type PCI registered
[    0.264006] acpiphp: ACPI Hot Plug PCI Controller Driver version: 0.5
[    0.268146] PCI: Using configuration type 1 for base access
[    0.273284] HugeTLB registered 2.00 MiB page size, pre-allocated 0 pages
[    0.276090] ACPI: Added _OSI(Module Device)
[    0.280015] ACPI: Added _OSI(Processor Device)
[    0.284013] ACPI: Added _OSI(3.0 _SCP Extensions)
[    0.288007] ACPI: Added _OSI(Processor Aggregator Device)
[    0.289987] ACPI: Added _OSI(Linux-Dell-Video)
[    0.296009] ACPI: Added _OSI(Linux-Lenovo-NV-HDMI-Audio)
[    0.300611] ACPI: Executed 1 blocks of module-level executable AML code
[    0.303960] ACPI: Interpreter enabled
[    0.332027] ACPI: (supports S0 S5)
[    0.364008] ACPI: Using IOAPIC for interrupt routing
[    0.396428] PCI: Using host bridge windows from ACPI; if necessary, use "pci=nocrs" and report a bug
[    0.512398] ACPI: Enabled 2 GPEs in block 00 to 07
[    0.520964] ACPI: PCI Root Bridge [PCI0] (domain 0000 [bus 00-ff])
[    0.528016] acpi PNP0A03:00: _OSC: OS supports [ASPM ClockPM Segments MSI]
[    0.532181] acpi PNP0A03:00: _OSC: not requesting OS control; OS requires [ExtendedConfig ASPM ClockPM MSI]
[    0.534917] acpi PNP0A03:00: fail to add MMCONFIG information, can't access extended PCI configuration space under this bridge.
[    0.536556] PCI host bridge to bus 0000:00
[    0.552009] pci_bus 0000:00: root bus resource [io  0x0000-0x0cf7 window]
[    0.624011] pci_bus 0000:00: root bus resource [io  0x0d00-0xffff window]
[    0.676021] pci_bus 0000:00: root bus resource [mem 0x000a0000-0x000bffff window]
[    0.720015] pci_bus 0000:00: root bus resource [mem 0x40000000-0xfdffffff window]
[    0.808011] pci_bus 0000:00: root bus resource [bus 00-ff]
[    0.834632] pci 0000:00:01.1: legacy IDE quirk: reg 0x10: [io  0x01f0-0x01f7]
[    0.884011] pci 0000:00:01.1: legacy IDE quirk: reg 0x14: [io  0x03f6]
[    0.912015] pci 0000:00:01.1: legacy IDE quirk: reg 0x18: [io  0x0170-0x0177]
[    0.940013] pci 0000:00:01.1: legacy IDE quirk: reg 0x1c: [io  0x0376]
[    0.998959] pci 0000:00:07.0: quirk: [io  0x4000-0x403f] claimed by PIIX4 ACPI
[    1.076047] pci 0000:00:07.0: quirk: [io  0x4100-0x410f] claimed by PIIX4 SMB
[    1.132059] ACPI: PCI Interrupt Link [LNKA] (IRQs 5 9 10 *11)
[    1.160465] ACPI: PCI Interrupt Link [LNKB] (IRQs 5 9 *10 11)
[    1.172340] ACPI: PCI Interrupt Link [LNKC] (IRQs 5 *9 10 11)
[    1.196281] ACPI: PCI Interrupt Link [LNKD] (IRQs 5 9 10 *11)
[    1.208720] SCSI subsystem initialized
[    1.212329] pci 0000:00:02.0: vgaarb: setting as boot VGA device
[    1.216000] pci 0000:00:02.0: vgaarb: VGA device added: decodes=io+mem,owns=io+mem,locks=none
[    1.224008] pci 0000:00:02.0: vgaarb: bridge control possible
[    1.228003] vgaarb: loaded
[    1.229324] ACPI: bus type USB registered
[    1.232102] usbcore: registered new interface driver usbfs
[    1.240054] usbcore: registered new interface driver hub
[    1.244038] usbcore: registered new device driver usb
[    1.245711] EDAC MC: Ver: 3.0.0
[    1.248395] PCI: Using ACPI for IRQ routing
[    1.249352] NetLabel: Initializing
[    1.252005] NetLabel:  domain hash size = 128
[    1.252005] NetLabel:  protocols = UNLABELED CIPSOv4 CALIPSO
[    1.256027] NetLabel:  unlabeled traffic allowed by default
[    1.257856] clocksource: Switched to clocksource kvm-clock
[    1.273186] VFS: Disk quotas dquot_6.6.0
[    1.312299] VFS: Dquot-cache hash table entries: 512 (order 0, 4096 bytes)
[    1.329042] AppArmor: AppArmor Filesystem Enabled
[    1.332070] pnp: PnP ACPI init
[    1.356571] pnp: PnP ACPI: found 3 devices
[    1.393673] clocksource: acpi_pm: mask: 0xffffff max_cycles: 0xffffff, max_idle_ns: 2085701024 ns
[    1.478054] NET: Registered protocol family 2
[    1.523334] TCP established hash table entries: 8192 (order: 4, 65536 bytes)
[    1.566457] TCP bind hash table entries: 8192 (order: 5, 131072 bytes)
[    1.612007] TCP: Hash tables configured (established 8192 bind 8192)
[    1.645231] UDP hash table entries: 512 (order: 2, 16384 bytes)
[    1.689415] UDP-Lite hash table entries: 512 (order: 2, 16384 bytes)
[    1.727264] NET: Registered protocol family 1
[    1.731720] pci 0000:00:00.0: Limiting direct PCI/PCI transfers
[    1.773341] pci 0000:00:01.0: Activating ISA DMA hang workarounds
[    1.795805] pci 0000:00:02.0: Video device with shadowed ROM at [mem 0x000c0000-0x000dffff]
[    1.909273] Unpacking initramfs...
[    2.251463] Freeing initrd memory: 18972K
[    2.276077] platform rtc_cmos: registered platform RTC device (no PNP device found)
[    2.333142] Scanning for low memory corruption every 60 seconds
[    2.337453] Initialise system trusted keyrings
[    2.339097] Key type blacklist registered
[    2.340917] workingset: timestamp_bits=36 max_order=18 bucket_order=0
[    2.346381] zbud: loaded
[    2.347778] squashfs: version 4.0 (2009/01/31) Phillip Lougher
[    2.350343] fuse init (API version 7.26)
[    2.356500] Key type asymmetric registered
[    2.359055] Asymmetric key parser 'x509' registered
[    2.361860] Block layer SCSI generic (bsg) driver version 0.4 loaded (major 246)
[    2.373771] io scheduler noop registered
[    2.375175] io scheduler deadline registered
[    2.377012] io scheduler cfq registered (default)
[    2.392389] ACPI: AC Adapter [AC] (on-line)
[    2.434975] input: Power Button as /devices/LNXSYSTM:00/LNXPWRBN:00/input/input0
[    2.498751] ACPI: Power Button [PWRF]
[    2.541931] input: Sleep Button as /devices/LNXSYSTM:00/LNXSLPBN:00/input/input1
[    2.623237] ACPI: Sleep Button [SLPF]
[    2.628612] Serial: 8250/16550 driver, 32 ports, IRQ sharing enabled
[    2.629921] ACPI: Battery Slot [BAT0] (battery present)
[    2.742350] 00:02: ttyS0 at I/O 0x3f8 (irq = 4, base_baud = 115200) is a 16550A
[    2.771994] Linux agpgart interface v0.103
[    2.779148] loop: module loaded
[    2.795968] scsi host0: ata_piix
[    2.798217] scsi host1: ata_piix
[    2.809934] ata1: PATA max UDMA/33 cmd 0x1f0 ctl 0x3f6 bmdma 0xd000 irq 14
[    2.813761] ata2: PATA max UDMA/33 cmd 0x170 ctl 0x376 bmdma 0xd008 irq 15
[    2.827741] libphy: Fixed MDIO Bus: probed
[    2.829931] tun: Universal TUN/TAP device driver, 1.6
[    2.836547] PPP generic driver version 2.4.2
[    2.861483] ehci_hcd: USB 2.0 'Enhanced' Host Controller (EHCI) Driver
[    2.894267] ehci-pci: EHCI PCI platform driver
[    2.945053] ehci-platform: EHCI generic platform driver
[    2.995483] ohci_hcd: USB 1.1 'Open' Host Controller (OHCI) Driver
[    3.058997] ohci-pci: OHCI PCI platform driver
[    3.121037] ohci-platform: OHCI generic platform driver
[    3.180310] uhci_hcd: USB Universal Host Controller Interface driver
[    3.238360] i8042: PNP: PS/2 Controller [PNP0303:PS2K,PNP0f03:PS2M] at 0x60,0x64 irq 1,12
[    3.321051] tsc: Refined TSC clocksource calibration: 2593.342 MHz
[    3.363907] clocksource: tsc: mask: 0xffffffffffffffff max_cycles: 0x2561aa8fdb4, max_idle_ns: 440795287649 ns
[    3.364400] serio: i8042 KBD port at 0x60,0x64 irq 1
[    3.364405] serio: i8042 AUX port at 0x60,0x64 irq 12
[    3.442835] mousedev: PS/2 mouse device common for all mice
[    3.443380] rtc_cmos rtc_cmos: rtc core: registered rtc_cmos as rtc0
[    3.443499] rtc_cmos rtc_cmos: alarms up to one day, 114 bytes nvram
[    3.443512] i2c /dev entries driver
[    3.443518] pcie_mp2_amd: AMD(R) PCI-E MP2 Communication Driver Version: 1.0
[    3.443669] device-mapper: uevent: version 1.0.3
[    3.443763] device-mapper: ioctl: 4.37.0-ioctl (2017-09-20) initialised: dm-devel@redhat.com
[    3.483628] input: AT Translated Set 2 keyboard as /devices/platform/i8042/serio0/input/input2
[    3.499587] ledtrig-cpu: registered to indicate activity on CPUs
[    3.502151] NET: Registered protocol family 10
[    3.507087] Segment Routing with IPv6
[    3.508181] NET: Registered protocol family 17
[    3.515286] Key type dns_resolver registered
[    3.534023] RAS: Correctable Errors collector initialized.
[    3.537086] sched_clock: Marking stable (3536805370, 0)->(17777125570, -14240320200)
[    3.605886] registered taskstats version 1
[    3.629046] Loading compiled-in X.509 certificates
[    3.708537] Loaded X.509 cert 'Build time autogenerated kernel key: f3a9ae7fdf18cf897e7c53db8499a9c1252f0be9'
[    3.813184] zswap: loaded using pool lzo/zbud
[    3.857634] Key type big_key registered
[    3.919141] Key type trusted registered
[    3.956567] Key type encrypted registered
[    4.004378] AppArmor: AppArmor sha1 policy hashing enabled
[    4.064535] ima: No TPM chip found, activating TPM-bypass! (rc=-19)
[    4.152870] ima: Allocated hash algorithm: sha1
[    4.208699] evm: HMAC attrs: 0x1
[    4.223274]   Magic number: 6:897:555
[    4.268887] rtc_cmos rtc_cmos: setting system clock to 2018-10-26 23:30:24 UTC (1540596624)
[    4.336817] BIOS EDD facility v0.16 2004-Jun-25, 0 devices found
[    4.412639] EDD information not available.
[    4.464820] Freeing unused kernel memory: 2408K
[    4.536387] Write protecting the kernel read-only data: 20480k
[    4.569254] Freeing unused kernel memory: 2008K
[    4.574527] Freeing unused kernel memory: 1896K
[    4.584247] x86/mm: Checked W+X mappings: passed, no W+X pages found.
[    4.586815] x86/mm: Checking user space page tables
[    4.594591] x86/mm: Checked W+X mappings: passed, no W+X pages found.
Loading, please wait...
starting version 237
[    4.675980] e1000: Intel(R) PRO/1000 Network Driver - version 7.3.21-k8-NAPI
[    4.725176] e1000: Copyright (c) 1999-2006 Intel Corporation.
[    4.768169] Fusion MPT base driver 3.04.20
[    4.815055] Copyright (c) 1999-2008 LSI Corporation
[    4.834283] AVX2 version of gcm_enc/dec engaged.
[    4.916902] AES CTR mode by8 optimization enabled
[    4.965311] Fusion MPT SPI Host driver 3.04.20
[    5.012813] input: ImExPS/2 Generic Explorer Mouse as /devices/platform/i8042/serio1/input/input4
[    5.388947] e1000 0000:00:03.0 eth0: (PCI:33MHz:32-bit) 02:cf:c7:e0:d6:93
[    5.452996] e1000 0000:00:03.0 eth0: Intel(R) PRO/1000 Network Connection
[    5.542080] e1000 0000:00:03.0 enp0s3: renamed from eth0
[    5.605088] mptbase: ioc0: Initiating bringup
[    5.720935] ioc0: LSI53C1030 A0: Capabilities={Initiator}
[    5.971516] scsi host2: ioc0: LSI53C1030 A0, FwRev=00000000h, Ports=1, MaxQ=256, IRQ=20
[    6.173407] scsi 2:0:0:0: Direct-Access     VBOX     HARDDISK         1.0  PQ: 0 ANSI: 5
[    7.978687] scsi target2:0:0: Beginning Domain Validation
[    9.057314] scsi target2:0:0: Domain Validation skipping write tests
[    9.065149] scsi target2:0:0: Ending Domain Validation
[    9.177630] scsi target2:0:0: asynchronous
[    9.705721] scsi 2:0:1:0: Direct-Access     VBOX     HARDDISK         1.0  PQ: 0 ANSI: 5
[   11.039113] scsi target2:0:1: Beginning Domain Validation
[   12.051507] random: fast init done
[   12.540409] scsi target2:0:1: Domain Validation skipping write tests
[   13.725274] scsi target2:0:1: Ending Domain Validation
[   13.726856] scsi target2:0:1: asynchronous
[   13.732126] random: systemd-udevd: uninitialized urandom read (16 bytes read)
[   13.732249] sd 2:0:0:0: Attached scsi generic sg0 type 0
[   13.732451] sd 2:0:0:0: [sda] 20971520 512-byte logical blocks: (10.7 GB/10.0 GiB)
[   13.732516] sd 2:0:0:0: [sda] Write Protect is off
[   13.732693] sd 2:0:0:0: [sda] Incomplete mode parameter data
[   13.732694] sd 2:0:0:0: [sda] Assuming drive cache: write through
[   13.732776] sd 2:0:1:0: Attached scsi generic sg1 type 0
[   13.733648] sd 2:0:1:0: [sdb] 20480 512-byte logical blocks: (10.5 MB/10.0 MiB)
[   13.733728] sd 2:0:1:0: [sdb] Write Protect is off
[   13.733936] sd 2:0:1:0: [sdb] Incomplete mode parameter data
[   13.733938] sd 2:0:1:0: [sdb] Assuming drive cache: write through
[   13.739219]  sda: sda1
[   13.740202] sd 2:0:0:0: [sda] Attached SCSI disk
[   13.740684] sd 2:0:1:0: [sdb] Attached SCSI disk
[   14.237875] random: systemd-udevd: uninitialized urandom read (16 bytes read)
[   14.591123] random: systemd-udevd: uninitialized urandom read (16 bytes read)
Begin: Loading essential drivers ... [   16.104290] raid6: sse2x1   gen()  9535 MB/s
[   16.193344] raid6: sse2x1   xor()  7057 MB/s
[   16.280111] raid6: sse2x2   gen() 11914 MB/s
[   16.340098] raid6: sse2x2   xor()  7921 MB/s
[   16.408142] raid6: sse2x4   gen() 13470 MB/s
[   16.512233] raid6: sse2x4   xor()  8417 MB/s
[   16.596270] raid6: avx2x1   gen() 18846 MB/s
[   16.688523] raid6: avx2x1   xor() 13922 MB/s
[   16.772303] raid6: avx2x2   gen() 23859 MB/s
[   16.872375] raid6: avx2x2   xor() 12450 MB/s
[   16.920234] raid6: avx2x4   gen() 23647 MB/s
[   16.968218] raid6: avx2x4   xor() 15054 MB/s
[   17.008941] raid6: using algorithm avx2x2 gen() 23859 MB/s
[   17.053767] raid6: .... xor() 12450 MB/s, rmw enabled
[   17.128338] raid6: using avx2x2 recovery algorithm
[   17.183041] xor: automatically using best checksumming function   avx       
[   17.263723] async_tx: api initialized (async)
done.
Begin: Running /scripts/init-premount ... done.
Begin: Mounting root fil[   17.356751] Btrfs loaded, crc32c=crc32c-intel
e system ... Begin: Running /scripts/local-top ... done.
Begin: Running /scripts/local-premount[   17.437882] EXT4-fs (sda1): mounted filesystem with ordered data mode. Opts: (null)
 ... Scanning for Btrfs filesystems
done.
Warning: fsck not present, so skipping root file system
done.
Begin: Running /scripts/local-bottom ... done.
Begin: Running /scripts/init-bottom ... done.
[   17.663507] ip_tables: (C) 2000-2006 Netfilter Core Team
[   17.673282] systemd[1]: systemd 237 running in system mode. (+PAM +AUDIT +SELINUX +IMA +APPARMOR +SMACK +SYSVINIT +UTMP +LIBCRYPTSETUP +GCRYPT +GNUTLS +ACL +XZ +LZ4 +SECCOMP +BLKID +ELFUTILS +KMOD -IDN2 +IDN -PCRE2 default-hierarchy=hybrid)
[   17.820898] systemd[1]: Detected virtualization oracle.
[   17.877647] systemd[1]: Detected architecture x86-64.

Welcome to [1mUbuntu 18.04.1 LTS[0m!

[   17.961095] systemd[1]: Set hostname to <ubuntu-bionic>.
[   18.233987] systemd[1]: Created slice User and Session Slice.
[[0;32m  OK  [0m] Created slice User and Session Slice.
[   18.336724] systemd[1]: Reached target Swap.
[[0;32m  OK  [0m] Reached target Swap.
[   18.408746] systemd[1]: Reached target User and Group Name Lookups.
[[0;32m  OK  [0m] Reached target User and Group Name Lookups.
[   18.524768] systemd[1]: Started Forward Password Requests to Wall Directory Watch.
[[0;32m  OK  [0m] Started Forward Password Requests to Wall Directory Watch.
[   18.580785] systemd[1]: Created slice System Slice.
[[0;32m  OK  [0m] Created slice System Slice.
[   18.616915] systemd[1]: Reached target Slices.
[[0;32m  OK  [0m] Reached target Slices.
[[0;32m  OK  [0m] Listening on Syslog Socket.
[[0;32m  OK  [0m] Created slice system-serial\x2dgetty.slice.
[[0;32m  OK  [0m] Listening on udev Control Socket.
[[0;32m  OK  [0m] Listening on Journal Socket (/dev/log).
[[0;32m  OK  [0m] Listening on udev Kernel Socket.
[[0;32m  OK  [0m] Listening on LVM2 poll daemon socket.
[[0;32m  OK  [0m] Listening on Network Service Netlink Socket.
[[0;32m  OK  [0m] Listening on Journal Socket.
         Starting Remount Root and Kernel File Systems...
         Mounting Huge Pages File System...
         Starting Load Kernel Modules...
         Starting Set the console keyboard layout...
         Mounting Kernel Debug File System...
[[0;32m  OK  [0m] Listening on /dev/initctl Compatibility Named Pipe.
[[0;32m  OK  [0m] Listening on Journal Audit Socket.
[   19.023044] Loading iSCSI transport class v2.0-870.
         [   19.031589] iscsi: registered transport (tcp)
Starting Create list of required stâ€¦ce nodes for the current kernel...
[[0;32m  OK  [0m] Listening on LVM2 metadata daemon socket.
[   19.122854] iscsi: registered transport (iser)
[   19.131236] EXT4-fs (sda1): re-mounted. Opts: (null)
[[0;32m  OK  [0m] Listening on Device-mapper event daemon FIFOs.
         Starting Monitoring of LVM2 mirrorsâ€¦ng dmeventd or progress polling...
[[0;32m  OK  [0m] Set up automount Arbitrary Executabâ€¦rmats File System Automount Point.
         Starting Journal Service...
         Starting Uncomplicated firewall...
         Starting udev Coldplug all Devices...
         Mounting POSIX Message Queue File System...
[[0;32m  OK  [0m] Reached target System Time Synchronized.
[[0;32m  OK  [0m] Started Journal Service.
[[0;32m  OK  [0m] Started Remount Root and Kernel File Systems.
[[0;32m  OK  [0m] Mounted Huge Pages File System.
[[0;32m  OK  [0m] Started Load Kernel Modules.
[[0;32m  OK  [0m] Started Set the console keyboard layout.
[[0;32m  OK  [0m] Mounted Kernel Debug File System.
[[0;32m  OK  [0m] Started Create list of required staâ€¦vice nodes for the current kernel.
[[0;32m  OK  [0m] Started Uncomplicated firewall.
[[0;32m  OK  [0m] Mounted POSIX Message Queue File System.
[[0;32m  OK  [0m] Started LVM2 metadata daemon.
         Startin[   19.699436] random: crng init done
g Create Static [   19.718793] random: 7 urandom warning(s) missed due to ratelimiting
Device Nodes in /dev...
         Starting Apply Kernel Variables...
         Mounting Kernel Configuration File System...
         Mounting FUSE Control File System...
         Starting Initial cloud-init job (pre-networking)...
         Starting Load/Save Random Seed...
         Starting Flush Journal to Persistent Storage...
[[0;32m  OK  [0m] Started Monitoring of LVM2 mirrors,â€¦sing dmeventd or progress polling.
[[0;32m  OK  [0m] Started udev Coldplug all Devices.
[[0;32m  OK  [0m] Started Create Static Device Nodes in /dev.
[[0;32m  OK  [0m] Started Apply Kernel Variables.
[[0;32m  OK  [0m] Mounted Kernel Configuration File System.
[[0;32m  OK  [0m] Mounted FUSE Control File System.
[[0;32m  OK  [0m] Started Load/Save Random Seed.
         Starting udev Kernel Device Manager...
[[0;32m  OK  [0m] Reached target Local File Systems (Pre).
[[0;32m  OK  [0m] Reached target Local File Systems.
         Starting ebtables ruleset management...
         Starting Set console font and keymap...
         Starting AppArmor initialization...
         Starting Tell Plymouth To Write Out Runtime Data...
[[0;32m  OK  [0m] Started udev Kernel Device Manager.
[[0;32m  OK  [0m] Started Dispatch Password Requests to Console Directory Watch.
[[0;32m  OK  [0m] Reached target Local Encrypted Volumes.
[[0;32m  OK  [0m] Started Set console font and keymap.
[[0;32m  OK  [0m] Started Tell Plymouth To Write Out Runtime Data.
[[0;32m  OK  [0m] Started Flush Journal to Persistent Storage.
         Starting Create Volatile Files and Directories...
[[0;32m  OK  [0m] Started Create Volatile Files and Directories.
         Starting Update UTMP about System Boot/Shutdown...
[[0;32m  OK  [0m] Started Update UTMP about System Boot/Shutdown.
[[0;32m  OK  [0m] Started ebtables ruleset management.
[[0;32m  OK  [0m] Found device /dev/ttyS0.
[[0;32m  OK  [0m] Listening on Load/Save RF Kill Switch Status /dev/rfkill Watch.
[[0;32m  OK  [0m] Started AppArmor initialization.
[   21.393583] cloud-init[427]: Cloud-init v. 18.3-9-g2e62cb8a-0ubuntu1~18.04.2 running 'init-local' at Fri, 26 Oct 2018 23:30:41 +0000. Up 21.18 seconds.
[[0;32m  OK  [0m] Started Initial cloud-init job (pre-networking).
[[0;32m  OK  [0m] Reached target Network (Pre).
         Starting Network Service...
[[0;32m  OK  [0m] Started Network Service.
         Starting Network Name Resolution...
         Starting Wait for Network to be Configured...
[[0;32m  OK  [0m] Started Network Name Resolution.
[[0;32m  OK  [0m] Reached target Host and Network Name Lookups.
[[0;32m  OK  [0m] Reached target Network.
[[0;32m  OK  [0m] Started Wait for Network to be Configured.
         Starting Initial cloud-init job (metadata service crawler)...
[   23.427827] cloud-init[697]: Cloud-init v. 18.3-9-g2e62cb8a-0ubuntu1~18.04.2 running 'init' at Fri, 26 Oct 2018 23:30:43 +0000. Up 23.02 seconds.
[[   23.507664] cloud-init[697]: ci-info: ++++++++++++++++++++++++++++++++++++++Net device info++++++++++++++++++++++++++++++++++++++
[   23.507880] cloud-init[697]: ci-info: +--------+------+----------------------------+---------------+--------+-------------------+
[0;32m  OK  [0m] Started Initial cloud-init job (metadata service crawler).
[[0;32m  OK  [0m] Reached target System Initialization.
[[0;32m  OK  [0m] Started Daily Cleanup of Temporary Directories.
[   23.509392]          Starting Socket activation for snappy daemon.
cloud-init[697]: ci-info: | Device |  Up  |          Address           |      Mask     | Scope  |     Hw-Address    |
[[0;32m  OK  [0m] Started Message of the Day.
[   23.644512] [[0;32m  OK  [0m] Listening on ACPID Listen Socket.
[[0;32m  OK  [0m] Listening on D-Bus System Message Bus Socket.
cloud-init[697]: ci-info: +--------+------+----------------------------+---------------+--------+-------------------+
         Starting LXD - unix socket.
[   23.666324] [[0;32m  OK  [0m] Started Discard unused blocks once a week.
[[0;32m  OK  [0m] Started Daily apt download activities.
[[0;32m  OK  [0m] Started Daily apt upgrade and clean activities.
cloud-init[697]: ci-info: | enp0s3 | True |         10.0.2.15          | 255.255.255.0 | global | 02:cf:c7:e0:d6:93 |
[[0;32m  OK  [0m] Listening on UUID daemon activation socket.
[[0;32m  OK  [0m] Reached target Timers.
[   23.685661] [[0;32m  OK  [0m] Listening on Open-iSCSI iscsid Socket.
cloud-init[697]: ci-info: | enp0s3 | True | fe80::cf:c7ff:fee0:d693/64 |       .       |  link  | 02:cf:c7:e0:d6:93 |
[[0;32m  OK  [0m] Started ACPI Events Check.
[[0;32m  OK  [0m] Reached target Paths.
[[0;32m  OK  [0m] Reached target Cloud-config availability.
[[0;32m  OK  [0m] Reached target Network is Online.
         Starting Availability of block devices...
[[0;32m  OK  [0m] Reached target Remote File Systems (Pre).
[   23.691740] cloud-init[697]: ci-info: |   lo   | True |         127.0.0.1          |   255.0.0.0   |  host  |         .         |
[   23.702098] cloud-init[697]: ci-info: |   lo   | True |          ::1/128           |       .       |  host  |         .         |
[   23.702159] cloud-init[697]: ci-info: +--------+------+----------------------------+---------------+--------+-------------------+
[   23.702196] cloud-init[697]: ci-info: ++++++++++++++++++++++++++++Route IPv4 info+++++++++++++++++++++++++++++
[   23.702248] cloud-init[697]: ci-info: +-------+-------------+----------+-----------------+-----------+-------+
[   23.702282] cloud-init[697]: ci-info: | Route | Destination | Gateway  |     Genmask     | Interface | Flags |
[[0;32m  OK  [0m] Reached target Remote File Systems.
[   23.705498] cloud-init[697]: ci-info: +-------+-------------+----------+-----------------+-----------+-------+
[[0;32m  OK  [0m] Listening on Socket activation for snappy daemon.
[   24.061857] cloud-init[697]: ci-info: |   0   |   0.0.0.0   | 10.0.2.2 |     0.0.0.0     |   enp0s3  |   UG  |[
[0;32m  OK  [0m] Listening on LXD - unix socket.
[   24.128862] [[0;32m  OK  [0m] Started Availability of block devices.
[[0;32m  OK  [0m] Reached target Sockets.
[[0;32m  OK  [0m] Reached target Basic System.
         Starting System Logging Service...
[[0;32m  OK  [0m] Started D-Bus System Message Bus.
cloud-init[697]: ci-info: |   1   |   10.0.2.0  | 0.0.0.0  |  255.255.255.0  |   enp0s3  |   U   |
[   24.248237] cloud-init[697]: ci-info: |   2   |   10.0.2.2  | 0.0.0.0  | 255.255.255.255 |   enp0s3  |   UH  |
[   24.292982] cloud-init[697]: ci-info: +-------+-------------+----------+-----------------+-----------+-------+
         Starting Login Service...
[   24.293320] cloud-init[697]: ci-info: +++++++++++++++++++Route IPv6 info+++++++++++++++++++
         [   24.424797] Starting Permit User Sessions...cloud-init
[697]: ci-info: +-------+-------------+---------+-----------+-------+
[[0;32m  OK  [0m] [   24.495262] cloud-init[697]: ci-info: | Route | Destination | Gateway | Interface | Flags |
[   24.498322] cloud-init[697]: ci-info: +-------+-------------+---------+-----------+-------+
Started irqbalance daemon.
[   24.604383] cloud-init[697]: ci-info: |   1   |  fe80::/64  |    ::   |   enp0s3  |   U   |
         Starting LSB: Record successful boot for GRUB...
[   24.605105] cloud-init[697]: ci-info: |   3   |    local    |    ::   |   enp0s3  |   U   |
[   24.744404] cloud-init[697]: ci-info: |   4   |   ff00::/8  |    ::   |   enp0s3  |   U   |
[   24.744547] cloud-init[697]: ci-info: +-------+-------------+---------+-----------+-------+
         Starting Dispatcher daemon for systemd-networkd...
         Starting LSB: automatic crash report generation...
[[0;32m  OK  [0m] Started Regular background program processing daemon.
         Starting Snappy daemon...
[[0;32m  OK  [0m] Started Unattended Upgrades Shutdown.
[[0;32m  OK  [0m] Started FUSE filesystem for LXC.
         Starting LXD - container startup/shutdown...
         Starting Accounts Service...
         Starting vboxadd.service...
[[0;32m  OK  [0m] Started Deferred execution scheduler.
         Starting OpenBSD Secure Shell server...
[[0;32m  OK  [0m] Started System Logging Service.
[[0;32m  OK  [0m] Started Dispatcher daemon for systemd-networkd.
[[0;32m  OK  [0m] Started Permit User Sessions.
[[0;32m  OK  [0m] Started Login Service.
[[0;32m  OK  [0m] Started OpenBSD Secure Shell server.
[[0;32m  OK  [0m] Started Snappy daemon.
[[0;32m  OK  [0m] Started LXD - container startup/shutdown.
[[0;32m  OK  [0m] Started LSB: Record successful boot for GRUB.
[[0;32m  OK  [0m] Started LSB: automatic crash report generation.
         Starting Wait until snapd is fully seeded...
         Starting Authorization Manager...
         Starting Terminate Plymouth Boot Screen...
         Starting Hold until boot process finishes up...
[[0;32m  OK  [0m] Started vboxadd.service.
[[0;32m  OK  [0m] Started Wait until snapd is fully seeded.
[[0;32m  OK  [0m] Started Terminate Plymouth Boot Screen.
[[0;32m  OK  [0m] Started Hold until boot process finishes up.
[[0;32m  OK  [0m] Started Authorization Manager.
[[0;32m  OK  [0m] Started Accounts Service.
[[0;32m  OK  [0m] Started Serial Getty on ttyS0.
         Starting Set console scheme...
         Starting Apply the settings specified in cloud-config...
         Starting vboxadd-service.service...
[[0;32m  OK  [0m] Started Set console scheme.
[[0;32m  OK  [0m] Started vboxadd-service.service.
[[0;32m  OK  [0m] Created slice system-getty.slice.
[[0;32m  OK  [0m] Started Getty on tty1.
[[0;32m  OK  [0m] Reached target Login Prompts.
[[0;32m  OK  [0m] Reached target Multi-User System.
[[0;32m  OK  [0m] Reached target Graphical Interface.
         Starting Update UTMP about System Runlevel Changes...
[[0;32m  OK  [0m] Started Update UTMP about System Runlevel Changes.
[[0;32m  OK  [0m] Created slice User Slice of vagrant.
         Starting User Manager for UID 1000...
[[0;32m  OK  [0m] Started Session 1 of user vagrant.
[[0;32m  OK  [0m] Started User Manager for UID 1000.
[   26.566056] cloud-init[1184]: Cloud-init v. 18.3-9-g2e62cb8a-0ubuntu1~18.04.2 running 'modules:config' at Fri, 26 Oct 2018 23:30:46 +0000. Up 26.41 seconds.
[[0;32m  OK  [0m] Started Apply the settings specified in cloud-config.
         Starting Execute cloud user/final scripts...
[   27.276378] cloud-init[1335]: Cloud-init v. 18.3-9-g2e62cb8a-0ubuntu1~18.04.2 running 'modules:final' at Fri, 26 Oct 2018 23:30:47 +0000. Up 27.11 seconds.
[[0;32m  OK  [0m] Started Execute cloud user/final scripts.
[   27.385941] cloud-init[1335]: Cloud-init v. 18.3-9-g2e62cb8a-0ubuntu1~18.04.2 finished at Fri, 26 Oct 2018 23:30:47 +0000. Datasource DataSourceNoCloud [seed=/dev/sdb][dsmode=net].  Up 27.26 seconds
[[0;32m  OK  [0m] Reached target Cloud-init target.

Ubuntu 18.04.1 LTS ubuntu-bionic ttyS0

ubuntu-bionic login: [[0;32m  OK  [0m] Stopped target Graphical Interface.
[[0;32m  OK  [0m] Stopped target Timers.
       o         Stopping Serial Getty on ttyS0...
         Stopping Dispatcher daemon for systemd-networkd...
         Stopping System Logging Service...
         Stopping vboxadd-service.service...
         Stopping Unattended Upgrades Shutdown...
         Stopping Getty on tty1...
         Stopping User Manager for UID 1000...
         Stopping Availability of block devices...
[[0;32m  OK  [0m] Stopped target Network is Online.
[[0;32m  OK  [0m] Stopped Wait until snapd is fully seeded.
         Stopping Snappy daemon...
[[0;32m  OK  [0m] Stopped Daily Cleanup of Temporary Directories.
[[0;32m  OK  [0m] Stopped target Host and Network Name Lookups.
[[0;32m  OK  [0m] Stopped target Cloud-config availability.
         Stopping Authorization Manager...
[[0;32m  OK  [0m] Unmounted /var/lib/lxcfs.
[[0;32m  OK  [0m] Stopped System Logging Service.
[[0;32m  OK  [0m] Stopped irqbalance daemon.
[[0;32m  OK  [0m] Stopped Dispatcher daemon for systemd-networkd.
[[0;32m  OK  [0m] Stopped Regular background program processing daemon.
[[0;32m  OK  [0m] Stopped Snappy daemon.
[[0;32m  OK  [0m] Stopped Accounts Service.
[[0;32m  OK  [0m] Stopped Deferred execution scheduler.
[[0;32m  OK  [0m] Stopped OpenBSD Secure Shell server.
[[0;32m  OK  [0m] Stopped Authorization Manager.
[[0;32m  OK  [0m] Stopped Serial Getty on ttyS0.
[[0;32m  OK  [0m] Stopped Getty on tty1.
[[0;32m  OK  [0m] Stopped User Manager for UID 1000.
[[0;32m  OK  [0m] Stopped D-Bus System Message Bus.
[[0;32m  OK  [0m] Stopped vboxadd-service.service.
[[0;32m  OK  [0m] Stopped Unattended Upgrades Shutdown.
[[0;32m  OK  [0m] Stopped Availability of block devices.
[[0;32m  OK  [0m] Stopped FUSE filesystem for LXC.
[[0;32m  OK  [0m] Stopped Session 5 of user vagrant.
         Stopping vboxadd.service...
[[0;32m  OK  [0m] Removed slice User Slice of vagrant.
         Stopping Login Service...
[[0;32m  OK  [0m] Removed slice system-getty.slice.
[[0;32m  OK  [0m] Removed slice system-serial\x2dgetty.slice.
         Stopping Permit User Sessions...
[[0;32m  OK  [0m] Unmounted /vagrant.
[[0;32m  OK  [0m] Stopped Login Service.
[[0;32m  OK  [0m] Stopped LSB: automatic crash report generation.
[[0;32m  OK  [0m] Stopped LXD - container startup/shutdown.
[[0;32m  OK  [0m] Stopped LSB: Record successful boot for GRUB.
[[0;32m  OK  [0m] Stopped vboxadd.service.
[[0;32m  OK  [0m] Stopped Permit User Sessions.
[[0;32m  OK  [0m] Stopped target Network.
         Stopping Network Name Resolution...
[[0;32m  OK  [0m] Stopped target Remote File Systems.
[[0;32m  OK  [0m] Stopped target Remote File Systems (Pre).
[[0;32m  OK  [0m] Stopped target User and Group Name Lookups.
[[0;32m  OK  [0m] Stopped target Basic System.
[[0;32m  OK  [0m] Stopped target Paths.
[[0;32m  OK  [0m] Stopped ACPI Events Check.
[[0;32m  OK  [0m] Stopped target Slices.
[[0;32m  OK  [0m] Removed slice User and Session Slice.
[[0;32m  OK  [0m] Stopped target Sockets.
[[0;32m  OK  [0m] Closed Open-iSCSI iscsid Socket.
[[0;32m  OK  [0m] Closed UUID daemon activation socket.
[[0;32m  OK  [0m] Closed ACPID Listen Socket.
[[0;32m  OK  [0m] Closed Syslog Socket.
[[0;32m  OK  [0m] Closed LXD - unix socket.
[[0;32m  OK  [0m] Closed Socket activation for snappy daemon.
[[0;32m  OK  [0m] Closed D-Bus System Message Bus Socket.
[[0;32m  OK  [0m] Stopped target System Initialization.
[[0;32m  OK  [0m] Stopped Initial cloud-init job (metadata service crawler).
[[0;32m  OK  [0m] Stopped Wait for Network to be Configured.
         Stopping Load/Save Random Seed...
         Stopping Update UTMP about System Boot/Shutdown...
[[0;32m  OK  [0m] Stopped target Local Encrypted Volumes.
[[0;32m  OK  [0m] Stopped Dispatch Password Requests to Console Directory Watch.
[[0;32m  OK  [0m] Stopped Forward Password Requests to Wall Directory Watch.
[[0;32m  OK  [0m] Stopped Network Name Resolution.
[[0;32m  OK  [0m] Stopped Load/Save Random Seed.
         Stopping Network Service...
[[0;32m  OK  [0m] Stopped Update UTMP about System Boot/Shutdown.
[[0;32m  OK  [0m] Stopped Network Service.
[[0;32m  OK  [0m] Stopped Apply Kernel Variables.
[[0;32m  OK  [0m] Stopped Load Kernel Modules.
[[0;32m  OK  [0m] Stopped target Network (Pre).
[[0;32m  OK  [0m] Stopped Initial cloud-init job (pre-networking).
[[0;32m  OK  [0m] Stopped Create Volatile Files and Directories.
[[0;32m  OK  [0m] Stopped target Local File Systems.
         Unmounting /run/user/1000...
[[0;32m  OK  [0m] Unmounted /run/user/1000.
[[0;32m  OK  [0m] Reached target Unmount All Filesystems.
[[0;32m  OK  [0m] Stopped target Local File Systems (Pre).
[[0;32m  OK  [0m] Stopped Remount Root and Kernel File Systems.
[[0;32m  OK  [0m] Stopped Create Static Device Nodes in /dev.
         Stopping Monitoring of LVM2 mirrorsâ€¦ng dmeventd or progress polling...
[[0;32m  OK  [0m] Stopped target Swap.
[[0;32m  OK  [0m] Reached target Shutdown.
[[0;32m  OK  [0m] Reached target Final Step.
         Starting Power-Off...
[[0;32m  OK  [0m] Stopped Monitoring of LVM2 mirrors,â€¦sing dmeventd or progress polling.
         Stopping LVM2 metadata daemon...
[  473.214190] reboot: Power down
